
======================================================================
  MADQC RESULTS SUMMARY
======================================================================

  Task 0 : SCF  (model = scf)
  ----------------------------------------------------------------------
    Molecule         : H2O
    Total energy     :      -76.067712858 Ha       -2069.9079 eV
    Orbital eps (a)  : -20.5544 -0.9911 -0.9911 -0.6996 -0.5114  (Ha)
    Converged        :  thresh = 0.0001  dconv = 0.0001
    Wall time        :  38.2 s   (1 MPI x 7 threads)

  Task 1 : RESPONSE
  ----------------------------------------------------------------------
    alpha[1e-04_k6](w=0.000)
      x :      7.828797     -0.000000     -0.000064
      y :      0.000011      8.871789      0.000005
      z :     -0.000080      0.000004      8.294461
    raman[1e-04_k6](x,dipole_x,nuc_0_z; wB=0.000,wC=0.000) =       1.238507
    raman[1e-04_k6](y,dipole_x,nuc_0_z; wB=0.000,wC=0.000) =       0.000019
    raman[1e-04_k6](z,dipole_x,nuc_0_z; wB=0.000,wC=0.000) =       0.000267
    raman[1e-04_k6](x,dipole_y,nuc_0_z; wB=0.000,wC=0.000) =      -0.000095
    raman[1e-04_k6](y,dipole_y,nuc_0_z; wB=0.000,wC=0.000) =       5.219228
    raman[1e-04_k6](z,dipole_y,nuc_0_z; wB=0.000,wC=0.000) =       0.000004
    raman[1e-04_k6](x,dipole_z,nuc_0_z; wB=0.000,wC=0.000) =      -0.000073
    raman[1e-04_k6](y,dipole_z,nuc_0_z; wB=0.000,wC=0.000) =       0.000005
    raman[1e-04_k6](z,dipole_z,nuc_0_z; wB=0.000,wC=0.000) =       4.351172
    Wall time        :  3440.5 s   (1 MPI x 7 threads)

======================================================================

